
> Configure project :
New Dep: net.minecraftforge:forge:1.12.2-14.23.5.2864_mapped_snapshot_20171003-1.12

> Task :compileJava
./gradlew : G:\myfirstmod\bloodcraft\src\main\java\com\qiamao\blood\client\mode
l\ModelBloodHound.java:28: 閿欒: wolfTail鍦∕odelWolf涓笉鏄叕鍏辩殑; 鏃犳硶浠庡閮ㄧ▼搴忓寘涓鍏惰繘
琛岃闂?
所在位置 行:1 字符: 5
+ & { ./gradlew build > build_output.txt 2>&1 } | Out-Host; exit $LASTE ...
+     ~~~~~~~~~~~~~~~~~~~~~~~~~~~~~~~~~~~~~~~
    + CategoryInfo          : NotSpecified: (G:\myfirstmod\b...▼搴忓寘涓鍏惰繘琛岃闂? 
   :String) [], RemoteException
    + FullyQualifiedErrorId : NativeCommandError
 
                this.wolfTail.rotateAngleX = 1.5393804F;
                    ^
G:\myfirstmod\bloodcraft\src\main\java\com\qiamao\blood\client\model\ModelBlood
Hound.java:35: 閿欒: wolfTail鍦∕odelWolf涓笉鏄叕鍏辩殑; 鏃犳硶浠庡閮ㄧ▼搴忓寘涓鍏惰繘琛岃闂?
                this.wolfTail.rotateAngleX = 0.55F - (1.0F - healthPercent) * 0
.4F * (float)Math.PI;
                    ^
娉? 鏌愪簺杈撳叆鏂囦欢浣跨敤鎴栬鐩栦簡宸茶繃鏃剁殑 API銆?
娉? 鏈夊叧璇︾粏淇℃伅, 璇蜂娇鐢?-Xlint:deprecation 閲嶆柊缂栬瘧銆?
2 涓敊璇?

> Task :compileJava FAILED

FAILURE: Build failed with an exception.

* What went wrong:
Execution failed for task ':compileJava'.
> Compilation failed; see the compiler error output for details.

* Try:
Run with --stacktrace option to get the stack trace. Run with --info or --debug
 option to get more log output. Run with --scan to get full insights.

* Get more help at https://help.gradle.org

BUILD FAILED in 9s
1 actionable task: 1 executed
Picked up JAVA_TOOL_OPTIONS: -Dfile.encoding=UTF-8
OpenJDK 64-Bit Server VM warning: Deactivate UseIOPrioritySizePolicy due to fai
led to parse cpu stat
